// Jest Snapshot v1, https://goo.gl/fbAQLP

exports[`User should render correctly 1`] = `
<div
  className="sc-AxirZ kEGBWq"
>
  <img
    src="https://avatars0.githubusercontent.com/u/4288931?s=60&v=4"
    style={
      Object {
        "borderRadius": "50%",
        "height": "148px",
        "margin": "4px",
        "width": "148px",
      }
    }
  />
  <a
    className="sc-AxjAm lnbIcq"
    href="https://github.com/benzid-wael/"
    style={
      Object {
        "fontSize": "18px",
      }
    }
    target="_blank"
  >
    John Doe
  </a>
</div>
`;
